// Jest Snapshot v1, https://goo.gl/fbAQLP

exports[`filter links tests should render filter link component 1`] = `
<DocumentFragment>
  <a
    href="/?genre=Horror"
  >
    Horror
  </a>
</DocumentFragment>
`;
